INFO: [VRFC 10-2263] Analyzing Verilog file "D:/SC2103-Lab-main/Lab5/up16_Lab5_src/Data_mem.v" into library xil_defaultlib
INFO: [VRFC 10-311] analyzing module D_mem
INFO: [VRFC 10-2263] Analyzing Verilog file "D:/SC2103-Lab-main/Lab5/up16_Lab5_src/EX_Mem_PR.v" into library xil_defaultlib
INFO: [VRFC 10-311] analyzing module EX_Mem_PR
INFO: [VRFC 10-2263] Analyzing Verilog file "D:/SC2103-Lab-main/Lab5/up16_Lab5_src/EX_stage.v" into library xil_defaultlib
INFO: [VRFC 10-311] analyzing module EX_stage
INFO: [VRFC 10-311] analyzing module ALU
INFO: [VRFC 10-2263] Analyzing Verilog file "D:/SC2103-Lab-main/Lab5/up16_Lab5_src/ID_EX_PR.v" into library xil_defaultlib
INFO: [VRFC 10-311] analyzing module ID_EX_PR
INFO: [VRFC 10-2263] Analyzing Verilog file "D:/SC2103-Lab-main/Lab5/up16_Lab5_src/ID_stage.v" into library xil_defaultlib
INFO: [VRFC 10-311] analyzing module ID_stage
INFO: [VRFC 10-311] analyzing module Reg_File
INFO: [VRFC 10-311] analyzing module DF_control
INFO: [VRFC 10-311] analyzing module Control
INFO: [VRFC 10-2263] Analyzing Verilog file "D:/SC2103-Lab-main/Lab5/up16_Lab5_src/IF_ID_PR.v" into library xil_defaultlib
INFO: [VRFC 10-311] analyzing module IF_ID_PR
INFO: [VRFC 10-2263] Analyzing Verilog file "D:/SC2103-Lab-main/Lab5/up16_Lab5_src/IF_stage.v" into library xil_defaultlib
INFO: [VRFC 10-311] analyzing module IF_stage
INFO: [VRFC 10-2263] Analyzing Verilog file "D:/SC2103-Lab-main/Lab5/up16_Lab5_src/Instruct_mem.v" into library xil_defaultlib
INFO: [VRFC 10-311] analyzing module I_mem
INFO: [VRFC 10-2263] Analyzing Verilog file "D:/SC2103-Lab-main/Lab5/up16_Lab5_src/Mem_WB_PR.v" into library xil_defaultlib
INFO: [VRFC 10-311] analyzing module Mem_WB_PR
INFO: [VRFC 10-2263] Analyzing Verilog file "D:/SC2103-Lab-main/Lab5/up16_Lab5_src/Mem_stage.v" into library xil_defaultlib
INFO: [VRFC 10-311] analyzing module Mem_stage
INFO: [VRFC 10-2263] Analyzing Verilog file "D:/SC2103-Lab-main/Lab5/up16_Lab5_src/uP16_top.v" into library xil_defaultlib
INFO: [VRFC 10-311] analyzing module uP16_top
INFO: [VRFC 10-2263] Analyzing Verilog file "D:/SC2103-Lab-main/Lab5/uP16_top_tb.v" into library xil_defaultlib
INFO: [VRFC 10-311] analyzing module uP16_top_tb
INFO: [VRFC 10-2263] Analyzing Verilog file "D:/SC2103-Lab-main/Lab5/Lab5.sim/sim_1/behav/xsim/glbl.v" into library xil_defaultlib
INFO: [VRFC 10-311] analyzing module glbl
