
*** Running vivado
    with args -log Lab2_imp.vds -m64 -product Vivado -mode batch -messageDb vivado.pb -notrace -source Lab2_imp.tcl



****** Vivado v2022.2 (64-bit)
  **** SW Build 3671981 on Fri Oct 14 05:00:03 MDT 2022
  **** IP Build 3669848 on Fri Oct 14 08:30:02 MDT 2022
    ** Copyright 1986-2022 Xilinx, Inc. All Rights Reserved.

source Lab2_imp.tcl -notrace
create_project: Time (s): cpu = 00:00:04 ; elapsed = 00:00:06 . Memory (MB): peak = 400.980 ; gain = 62.059
Command: read_checkpoint -auto_incremental -incremental D:/SC2103-Lab-main/Lab2/Lab2.srcs/utils_1/imports/synth_1/Lab2_imp.dcp
INFO: [Vivado 12-5825] Read reference checkpoint from D:/SC2103-Lab-main/Lab2/Lab2.srcs/utils_1/imports/synth_1/Lab2_imp.dcp for incremental synthesis
INFO: [Vivado 12-7989] Please ensure there are no constraint changes
Command: synth_design -top Lab2_imp -part xc7a35tcpg236-1
Starting synth_design
Attempting to get a license for feature 'Synthesis' and/or device 'xc7a35t'
INFO: [Common 17-349] Got license for feature 'Synthesis' and/or device 'xc7a35t'
INFO: [Device 21-403] Loading part xc7a35tcpg236-1
INFO: [Synth 8-7079] Multithreading enabled for synth_design using a maximum of 2 processes.
INFO: [Synth 8-7078] Launching helper process for spawning children vivado processes
INFO: [Synth 8-7075] Helper process launched with PID 18808
INFO: [Synth 8-11241] undeclared symbol 'REGCCE', assumed default net type 'wire' [C:/Xilinx/Vivado/2022.2/data/verilog/src/unimacro/BRAM_SINGLE_MACRO.v:2170]
WARNING: [Synth 8-9694] invalid size of integer constant literal [D:/SC2103-Lab-main/Lab2/Lab2.srcs/sources_1/new/Lab2_top_tb.v:32]
WARNING: [Synth 8-6901] identifier 'benchNo_Hi' is used before its declaration [D:/SC2103-Lab-main/Lab2/src/seven_seg.v:38]
WARNING: [Synth 8-6901] identifier 'benchNo_Lo' is used before its declaration [D:/SC2103-Lab-main/Lab2/src/seven_seg.v:38]
---------------------------------------------------------------------------------
Starting RTL Elaboration : Time (s): cpu = 00:00:05 ; elapsed = 00:00:05 . Memory (MB): peak = 1216.957 ; gain = 407.191
---------------------------------------------------------------------------------
INFO: [Synth 8-6157] synthesizing module 'Lab2_imp' [D:/SC2103-Lab-main/Lab2/src/Lab2_imp.v:23]
INFO: [Synth 8-6157] synthesizing module 'Lab2_top' [D:/SC2103-Lab-main/Lab2/Lab2.srcs/sources_1/new/Lab2_top_tb.v:21]
INFO: [Synth 8-6157] synthesizing module 'Lab2_mem' [D:/SC2103-Lab-main/Lab2/Lab2.runs/synth_1/.Xil/Vivado-20816-hw3-r2-v01/realtime/Lab2_mem_stub.v:5]
INFO: [Synth 8-6155] done synthesizing module 'Lab2_mem' (0#1) [D:/SC2103-Lab-main/Lab2/Lab2.runs/synth_1/.Xil/Vivado-20816-hw3-r2-v01/realtime/Lab2_mem_stub.v:5]
INFO: [Synth 8-6155] done synthesizing module 'Lab2_top' (0#1) [D:/SC2103-Lab-main/Lab2/Lab2.srcs/sources_1/new/Lab2_top_tb.v:21]
INFO: [Synth 8-6157] synthesizing module 'clkgen' [D:/SC2103-Lab-main/Lab2/src/clkgen.v:4]
INFO: [Synth 8-6155] done synthesizing module 'clkgen' (0#1) [D:/SC2103-Lab-main/Lab2/src/clkgen.v:4]
INFO: [Synth 8-6157] synthesizing module 'seven_seg' [D:/SC2103-Lab-main/Lab2/src/seven_seg.v:14]
INFO: [Synth 8-226] default block is never used [D:/SC2103-Lab-main/Lab2/src/seven_seg.v:70]
INFO: [Synth 8-6155] done synthesizing module 'seven_seg' (0#1) [D:/SC2103-Lab-main/Lab2/src/seven_seg.v:14]
INFO: [Synth 8-6155] done synthesizing module 'Lab2_imp' (0#1) [D:/SC2103-Lab-main/Lab2/src/Lab2_imp.v:23]
---------------------------------------------------------------------------------
Finished RTL Elaboration : Time (s): cpu = 00:00:06 ; elapsed = 00:00:07 . Memory (MB): peak = 1307.535 ; gain = 497.770
---------------------------------------------------------------------------------
---------------------------------------------------------------------------------
Start Handling Custom Attributes
---------------------------------------------------------------------------------
---------------------------------------------------------------------------------
Finished Handling Custom Attributes : Time (s): cpu = 00:00:06 ; elapsed = 00:00:07 . Memory (MB): peak = 1307.535 ; gain = 497.770
---------------------------------------------------------------------------------
---------------------------------------------------------------------------------
Finished RTL Optimization Phase 1 : Time (s): cpu = 00:00:06 ; elapsed = 00:00:07 . Memory (MB): peak = 1307.535 ; gain = 497.770
---------------------------------------------------------------------------------
Netlist sorting complete. Time (s): cpu = 00:00:00 ; elapsed = 00:00:00.001 . Memory (MB): peak = 1307.535 ; gain = 0.000
INFO: [Project 1-570] Preparing netlist for logic optimization

Processing XDC Constraints
Initializing timing engine
Parsing XDC File [d:/SC2103-Lab-main/Lab2/Lab2.gen/sources_1/ip/Lab2_mem_1/Lab2_mem/Lab2_mem_in_context.xdc] for cell 'U1/U1'
Finished Parsing XDC File [d:/SC2103-Lab-main/Lab2/Lab2.gen/sources_1/ip/Lab2_mem_1/Lab2_mem/Lab2_mem_in_context.xdc] for cell 'U1/U1'
Parsing XDC File [D:/SC2103-Lab-main/Lab2/src/Lab2.xdc]
Finished Parsing XDC File [D:/SC2103-Lab-main/Lab2/src/Lab2.xdc]
INFO: [Project 1-236] Implementation specific constraints were found while reading constraint file [D:/SC2103-Lab-main/Lab2/src/Lab2.xdc]. These constraints will be ignored for synthesis but will be used in implementation. Impacted constraints are listed in the file [.Xil/Lab2_imp_propImpl.xdc].
Resolution: To avoid this warning, move constraints listed in [.Xil/Lab2_imp_propImpl.xdc] to another XDC file and exclude this new file from synthesis with the used_in_synthesis property (File Properties dialog in GUI) and re-run elaboration/synthesis.
Completed Processing XDC Constraints

Netlist sorting complete. Time (s): cpu = 00:00:00 ; elapsed = 00:00:00 . Memory (MB): peak = 1390.898 ; gain = 0.000
INFO: [Project 1-111] Unisim Transformation Summary:
No Unisim elements were transformed.

Constraint Validation Runtime : Time (s): cpu = 00:00:00 ; elapsed = 00:00:00.006 . Memory (MB): peak = 1390.898 ; gain = 0.000
WARNING: [Timing 38-316] Clock period '20.000' specified during out-of-context synthesis of instance 'U1/U1' at clock pin 'clk' is different from the actual clock period '10.000', this can lead to different synthesis results.
INFO: [Synth 8-11241] undeclared symbol 'REGCCE', assumed default net type 'wire' [C:/Xilinx/Vivado/2022.2/data/verilog/src/unimacro/BRAM_SINGLE_MACRO.v:2170]
---------------------------------------------------------------------------------
Finished Constraint Validation : Time (s): cpu = 00:00:13 ; elapsed = 00:00:15 . Memory (MB): peak = 1392.418 ; gain = 582.652
---------------------------------------------------------------------------------
---------------------------------------------------------------------------------
Start Loading Part and Timing Information
---------------------------------------------------------------------------------
Loading part: xc7a35tcpg236-1
---------------------------------------------------------------------------------
Finished Loading Part and Timing Information : Time (s): cpu = 00:00:13 ; elapsed = 00:00:15 . Memory (MB): peak = 1392.418 ; gain = 582.652
---------------------------------------------------------------------------------
---------------------------------------------------------------------------------
Start Applying 'set_property' XDC Constraints
---------------------------------------------------------------------------------
Applied set_property KEEP_HIERARCHY = SOFT for U1/U1. (constraint file  auto generated constraint).
---------------------------------------------------------------------------------
Finished applying 'set_property' XDC Constraints : Time (s): cpu = 00:00:13 ; elapsed = 00:00:15 . Memory (MB): peak = 1392.418 ; gain = 582.652
---------------------------------------------------------------------------------
---------------------------------------------------------------------------------
Start Preparing Guide Design
---------------------------------------------------------------------------------
CRITICAL WARNING: [Synth 8-6895] The reference checkpoint D:/SC2103-Lab-main/Lab2/Lab2.srcs/utils_1/imports/synth_1/Lab2_imp.dcp is not suitable for use with incremental synthesis for this design. Please regenerate the checkpoint for this design with -incremental_synth switch in the same Vivado session that synth_design has been run. Synthesis will continue with the default flow
---------------------------------------------------------------------------------
Finished Doing Graph Differ : Time (s): cpu = 00:00:13 ; elapsed = 00:00:15 . Memory (MB): peak = 1392.418 ; gain = 582.652
---------------------------------------------------------------------------------
---------------------------------------------------------------------------------
Finished Preparing Guide Design : Time (s): cpu = 00:00:13 ; elapsed = 00:00:15 . Memory (MB): peak = 1392.418 ; gain = 582.652
---------------------------------------------------------------------------------
---------------------------------------------------------------------------------
Finished RTL Optimization Phase 2 : Time (s): cpu = 00:00:13 ; elapsed = 00:00:15 . Memory (MB): peak = 1392.418 ; gain = 582.652
---------------------------------------------------------------------------------


Incremental Synthesis Report Summary:

1. Incremental synthesis run: no

   Reason for not running incremental synthesis : 


INFO: [Synth 8-7130] Flow is switching to default flow due to incremental criteria not met. If you would like to alter this behaviour and have the flow terminate instead, please set the following parameter config_implementation {autoIncr.Synth.RejectBehavior Terminate}
---------------------------------------------------------------------------------
Start RTL Component Statistics 
---------------------------------------------------------------------------------
Detailed RTL Component Info : 
+---Registers : 
	                8 Bit    Registers := 1     
+---Muxes : 
	   2 Input    8 Bit        Muxes := 2     
	   4 Input    4 Bit        Muxes := 2     
---------------------------------------------------------------------------------
Finished RTL Component Statistics 
---------------------------------------------------------------------------------
---------------------------------------------------------------------------------
Start Part Resource Summary
---------------------------------------------------------------------------------
Part Resources:
DSPs: 90 (col length:60)
BRAMs: 100 (col length: RAMB18 60 RAMB36 30)
---------------------------------------------------------------------------------
Finished Part Resource Summary
---------------------------------------------------------------------------------
---------------------------------------------------------------------------------
Start Cross Boundary and Area Optimization
---------------------------------------------------------------------------------
WARNING: [Synth 8-7080] Parallel synthesis criteria is not met
WARNING: [Synth 8-3917] design Lab2_imp has port anode_L[3] driven by constant 1
WARNING: [Synth 8-3917] design Lab2_imp has port anode_L[2] driven by constant 1
---------------------------------------------------------------------------------
Finished Cross Boundary and Area Optimization : Time (s): cpu = 00:00:15 ; elapsed = 00:00:17 . Memory (MB): peak = 1392.418 ; gain = 582.652
---------------------------------------------------------------------------------
---------------------------------------------------------------------------------
Start Applying XDC Timing Constraints
---------------------------------------------------------------------------------
---------------------------------------------------------------------------------
Finished Applying XDC Timing Constraints : Time (s): cpu = 00:00:20 ; elapsed = 00:00:23 . Memory (MB): peak = 1392.418 ; gain = 582.652
---------------------------------------------------------------------------------
---------------------------------------------------------------------------------
Start Timing Optimization
---------------------------------------------------------------------------------
---------------------------------------------------------------------------------
Finished Timing Optimization : Time (s): cpu = 00:00:20 ; elapsed = 00:00:23 . Memory (MB): peak = 1392.418 ; gain = 582.652
---------------------------------------------------------------------------------
---------------------------------------------------------------------------------
Start Technology Mapping
---------------------------------------------------------------------------------
---------------------------------------------------------------------------------
Finished Technology Mapping : Time (s): cpu = 00:00:20 ; elapsed = 00:00:23 . Memory (MB): peak = 1392.418 ; gain = 582.652
---------------------------------------------------------------------------------
---------------------------------------------------------------------------------
Start IO Insertion
---------------------------------------------------------------------------------
---------------------------------------------------------------------------------
Start Flattening Before IO Insertion
---------------------------------------------------------------------------------
---------------------------------------------------------------------------------
Finished Flattening Before IO Insertion
---------------------------------------------------------------------------------
---------------------------------------------------------------------------------
Start Final Netlist Cleanup
---------------------------------------------------------------------------------
---------------------------------------------------------------------------------
Finished Final Netlist Cleanup
---------------------------------------------------------------------------------
---------------------------------------------------------------------------------
Finished IO Insertion : Time (s): cpu = 00:00:25 ; elapsed = 00:00:27 . Memory (MB): peak = 1392.418 ; gain = 582.652
---------------------------------------------------------------------------------
---------------------------------------------------------------------------------
Start Renaming Generated Instances
---------------------------------------------------------------------------------
---------------------------------------------------------------------------------
Finished Renaming Generated Instances : Time (s): cpu = 00:00:25 ; elapsed = 00:00:27 . Memory (MB): peak = 1392.418 ; gain = 582.652
---------------------------------------------------------------------------------
---------------------------------------------------------------------------------
Start Rebuilding User Hierarchy
---------------------------------------------------------------------------------
---------------------------------------------------------------------------------
Finished Rebuilding User Hierarchy : Time (s): cpu = 00:00:25 ; elapsed = 00:00:27 . Memory (MB): peak = 1392.418 ; gain = 582.652
---------------------------------------------------------------------------------
---------------------------------------------------------------------------------
Start Renaming Generated Ports
---------------------------------------------------------------------------------
---------------------------------------------------------------------------------
Finished Renaming Generated Ports : Time (s): cpu = 00:00:25 ; elapsed = 00:00:27 . Memory (MB): peak = 1392.418 ; gain = 582.652
---------------------------------------------------------------------------------
---------------------------------------------------------------------------------
Start Handling Custom Attributes
---------------------------------------------------------------------------------
---------------------------------------------------------------------------------
Finished Handling Custom Attributes : Time (s): cpu = 00:00:25 ; elapsed = 00:00:27 . Memory (MB): peak = 1392.418 ; gain = 582.652
---------------------------------------------------------------------------------
---------------------------------------------------------------------------------
Start Renaming Generated Nets
---------------------------------------------------------------------------------
---------------------------------------------------------------------------------
Finished Renaming Generated Nets : Time (s): cpu = 00:00:25 ; elapsed = 00:00:27 . Memory (MB): peak = 1392.418 ; gain = 582.652
---------------------------------------------------------------------------------
---------------------------------------------------------------------------------
Start Writing Synthesis Report
---------------------------------------------------------------------------------

Report BlackBoxes: 
+------+--------------+----------+
|      |BlackBox name |Instances |
+------+--------------+----------+
|1     |Lab2_mem      |         1|
+------+--------------+----------+

Report Cell Usage: 
+------+---------+------+
|      |Cell     |Count |
+------+---------+------+
|1     |Lab2_mem |     1|
|2     |BUFG     |     1|
|3     |CARRY4   |    12|
|4     |LUT1     |     2|
|5     |LUT2     |     2|
|6     |LUT4     |     8|
|7     |LUT5     |     7|
|8     |MUXF7    |     4|
|9     |FDRE     |    56|
|10    |IBUF     |    14|
|11    |OBUF     |    12|
+------+---------+------+
---------------------------------------------------------------------------------
Finished Writing Synthesis Report : Time (s): cpu = 00:00:25 ; elapsed = 00:00:27 . Memory (MB): peak = 1392.418 ; gain = 582.652
---------------------------------------------------------------------------------
Synthesis finished with 0 errors, 1 critical warnings and 3 warnings.
Synthesis Optimization Runtime : Time (s): cpu = 00:00:17 ; elapsed = 00:00:25 . Memory (MB): peak = 1392.418 ; gain = 497.770
Synthesis Optimization Complete : Time (s): cpu = 00:00:25 ; elapsed = 00:00:27 . Memory (MB): peak = 1392.418 ; gain = 582.652
INFO: [Project 1-571] Translating synthesized netlist
Netlist sorting complete. Time (s): cpu = 00:00:00 ; elapsed = 00:00:00.001 . Memory (MB): peak = 1392.418 ; gain = 0.000
INFO: [Netlist 29-17] Analyzing 16 Unisim elements for replacement
INFO: [Netlist 29-28] Unisim Transformation completed in 0 CPU seconds
INFO: [Project 1-570] Preparing netlist for logic optimization
INFO: [Opt 31-138] Pushed 0 inverter(s) to 0 load pin(s).
Netlist sorting complete. Time (s): cpu = 00:00:00 ; elapsed = 00:00:00 . Memory (MB): peak = 1392.418 ; gain = 0.000
INFO: [Project 1-111] Unisim Transformation Summary:
No Unisim elements were transformed.

Synth Design complete, checksum: 8b65912
INFO: [Common 17-83] Releasing license: Synthesis
31 Infos, 7 Warnings, 1 Critical Warnings and 0 Errors encountered.
synth_design completed successfully
synth_design: Time (s): cpu = 00:00:28 ; elapsed = 00:00:35 . Memory (MB): peak = 1392.418 ; gain = 958.785
INFO: [runtcl-6] Synthesis results are not added to the cache due to CRITICAL_WARNING
INFO: [Common 17-1381] The checkpoint 'D:/SC2103-Lab-main/Lab2/Lab2.runs/synth_1/Lab2_imp.dcp' has been generated.
INFO: [runtcl-4] Executing : report_utilization -file Lab2_imp_utilization_synth.rpt -pb Lab2_imp_utilization_synth.pb
INFO: [Common 17-206] Exiting Vivado at Wed Feb 11 13:48:53 2026...
