********************************************************************************
* Unified simulation Tcl App stack trace dump
*
* File: .usf.tcl_error.log (Wed Apr  1 13:26:44 2026)
*
* This file is generated by the unified simulation automation and contains the
* tcl stack trace of error returned by the simulator App for the current run.
*
********************************************************************************
1
    while executing
"catch {exec attrib /D -R $file} error_msg"
    (procedure "xcs_make_file_executable" line 11)
    invoked from within
"xcs_make_file_executable $shell_script_file"
    (procedure "usf_launch_script" line 12)
    invoked from within
"usf_launch_script "xsim" $step"
    (procedure "tclapp::xilinx::xsim::elaborate" line 13)
    invoked from within
"tclapp::xilinx::xsim::elaborate { -simset sim_1 -mode post-synthesis -type timing -run_dir D:/SC2103-Lab-main/Lab5/Lab5.sim/sim_1/synth/timing/xsim -i..."
